
> nextn@0.1.0 build
> next build

npm : ΓÜá `eslint` 
configuration in 
next.config.ts is no 
longer supported. 
See more info here: h
ttps://nextjs.org/doc
s/app/api-reference/c
li/next#next-lint-opt
ions
At line:1 char:1
+ npm run build > 
build_output.txt 2>&1
+ ~~~~~~~~~~~~~~~~~~~
~~~~~~~~~~~~~~~~~~
    + CategoryInfo   
       : NotSpec    
ified: (ΓÜá `eslint` 
co...xt-lint    
-options:String) [], 
RemoteExcept    ion
    + FullyQualifiedE
rrorId : NativeC    
ommandError
 
ΓÜá `images.domains` 
is deprecated in 
favor of `images.remo
tePatterns`. Please 
update 
next.config.ts to 
protect your 
application from 
malicious users.
ΓÜá Invalid 
next.config.ts 
options detected: 
ΓÜá     Unrecognized 
key(s) in object: 
'eslint'
ΓÜá See more info 
here: https://nextjs.
org/docs/messages/inv
alid-next-config
Γû▓ Next.js 16.1.7 (Turbopack)
- Environments: .env.local

  Creating an optimized production build ...
Γ¿» ERROR: This 
build is using 
Turbopack, with a 
`webpack` config and 
no `turbopack` 
config.
   This may be a 
mistake.

   As of Next.js 16 
Turbopack is enabled 
by default and
   custom webpack 
configurations may 
need to be migrated 
to Turbopack.

   NOTE: your 
`webpack` config may 
have been added by a 
configuration plugin.

   To configure 
Turbopack, see https:
//nextjs.org/docs/app
/api-reference/next-c
onfig-js/turbopack

   TIP: Many 
applications work 
fine under Turbopack 
with no 
configuration,
   if that is the 
case for you, you 
can silence this 
error by passing the
   `--turbopack` or 
`--webpack` flag 
explicitly or simply 
setting an 
   empty turbopack 
config in your Next 
config file (e.g. 
`turbopack: {}`).

> Build error 
occurred
Error: Call retries 
were exceeded
    at ignore-listed 
frames {
  type: 'WorkerError'
}
