
> nextn@0.1.0 typecheck
> tsc --noEmit

src/components/part-creation/PartCreationWizard.tsx(146,32): error TS2304: Cannot find name 'convertStepFile'.
src/components/part-creation/PartCreationWizard.tsx(147,26): error TS2304: Cannot find name 'stlBase64ToBuffer'.
src/components/part-creation/PartCreationWizard.tsx(530,20): error TS2304: Cannot find name 'STLViewer'.
